// Vitest Snapshot v1, https://vitest.dev/guide/snapshot.html

exports[`Mackerel > snapshot 1`] = `
"{
  "provider": {
    "mackerel": [
      {
      }
    ]
  },
  "resource": {
    "mackerel_channel": {
      "discord": {
        "name": "Discord",
        "slack": [
          {
            "enabled_graph_image": true,
            "events": [
              "alert"
            ],
            "url": "\${var.WATCHDOGS_WEBHOOK_URL}"
          }
        ]
      }
    },
    "mackerel_monitor": {
      "connectivity": {
        "connectivity": [
          {
          }
        ],
        "name": "connectivity"
      },
      "ggrel-dtv_epgstation_B6E3A510": {
        "external": [
          {
            "follow_redirect": true,
            "headers": {
              "Cache-Control": "no-cache"
            },
            "max_check_attempts": 3,
            "method": "GET",
            "response_time_critical": 10000,
            "response_time_duration": 3,
            "response_time_warning": 5000,
            "service": "\${mackerel_service.ggrel-dtv_F2A87E62.name}",
            "url": "https://dtv.ggrel.net"
          }
        ],
        "name": "EPGStation"
      },
      "ggrel-dtv_mirakurun_B09B7D26": {
        "external": [
          {
            "follow_redirect": true,
            "headers": {
              "Cache-Control": "no-cache"
            },
            "max_check_attempts": 3,
            "method": "GET",
            "response_time_critical": 10000,
            "response_time_duration": 3,
            "response_time_warning": 5000,
            "service": "\${mackerel_service.ggrel-dtv_F2A87E62.name}",
            "url": "https://dtv.ggrel.net/mirakurun"
          }
        ],
        "name": "Mirakurun"
      },
      "ggrel_ggrel-net_25A56417": {
        "external": [
          {
            "certification_expiration_critical": 3,
            "certification_expiration_warning": 7,
            "headers": {
              "Cache-Control": "no-cache"
            },
            "max_check_attempts": 3,
            "method": "GET",
            "response_time_critical": 10000,
            "response_time_duration": 3,
            "response_time_warning": 5000,
            "service": "\${mackerel_service.ggrel_40CEA253.name}",
            "url": "https://ggrel.net"
          }
        ],
        "name": "ggrel.net"
      },
      "ggrel_heinrike-prinzessin-zu-sayn-wittgenste-in_D45C91BB": {
        "external": [
          {
            "certification_expiration_critical": 3,
            "certification_expiration_warning": 7,
            "headers": {
              "Cache-Control": "no-cache"
            },
            "max_check_attempts": 3,
            "method": "GET",
            "response_time_critical": 10000,
            "response_time_duration": 3,
            "response_time_warning": 5000,
            "service": "\${mackerel_service.ggrel_40CEA253.name}",
            "url": "https://heinrike.prinzessin.zu.sayn-wittgenste.in"
          }
        ],
        "name": "heinrike.prinzessin.zu.sayn-wittgenste.in"
      },
      "ggrel_mastodon-rokoucha_78BB964D": {
        "external": [
          {
            "follow_redirect": true,
            "headers": {
              "Cache-Control": "no-cache"
            },
            "max_check_attempts": 3,
            "method": "GET",
            "response_time_critical": 10000,
            "response_time_duration": 3,
            "response_time_warning": 5000,
            "service": "\${mackerel_service.ggrel_40CEA253.name}",
            "url": "https://ma.rokoucha.net"
          }
        ],
        "name": "Mastodon/Rokoucha"
      },
      "ggrel_rokoucha-net_764AE37B": {
        "external": [
          {
            "certification_expiration_critical": 3,
            "certification_expiration_warning": 7,
            "headers": {
              "Cache-Control": "no-cache"
            },
            "max_check_attempts": 3,
            "method": "GET",
            "response_time_critical": 10000,
            "response_time_duration": 3,
            "response_time_warning": 7500,
            "service": "\${mackerel_service.ggrel_40CEA253.name}",
            "url": "https://rokoucha.net"
          }
        ],
        "name": "rokoucha.net"
      },
      "machines_anomaly-detection_DF4BC1DC": {
        "anomaly_detection": [
          {
            "critical_sensitivity": "insensitive",
            "max_check_attempts": 5,
            "scopes": [
              "\${mackerel_role.machines_physical_5CF0CDF0.id}"
            ],
            "warning_sensitivity": "normal"
          }
        ],
        "name": "異状検知"
      }
    },
    "mackerel_notification_group": {
      "default": {
        "child_channel_ids": [
          "\${mackerel_channel.discord.id}"
        ],
        "name": "Default"
      }
    },
    "mackerel_role": {
      "ggrel-dtv_host_EDF88B2B": {
        "name": "host",
        "service": "\${mackerel_service.ggrel-dtv_F2A87E62.name}"
      },
      "machines_physical_5CF0CDF0": {
        "name": "physical",
        "service": "\${mackerel_service.machines_1FDC4DD8.name}"
      },
      "machines_virtual_1052FA1B": {
        "name": "virtual",
        "service": "\${mackerel_service.machines_1FDC4DD8.name}"
      },
      "materia-cluster_controller_E38B8C90": {
        "name": "controller",
        "service": "\${mackerel_service.materia-cluster_B2618D78.name}"
      },
      "materia-cluster_worker_1576E5E1": {
        "name": "worker",
        "service": "\${mackerel_service.materia-cluster_B2618D78.name}"
      }
    },
    "mackerel_service": {
      "ggrel-dtv_F2A87E62": {
        "memo": "Ggrel DTV Services",
        "name": "Ggrel-DTV"
      },
      "ggrel_40CEA253": {
        "name": "Ggrel"
      },
      "machines_1FDC4DD8": {
        "name": "machines"
      },
      "materia-cluster_B2618D78": {
        "name": "materia-cluster"
      }
    }
  },
  "terraform": {
    "cloud": {
      "hostname": "app.terraform.io",
      "organization": "rokoucha",
      "workspaces": {
        "name": "mackerel"
      }
    },
    "required_providers": {
      "mackerel": {
        "source": "mackerelio-labs/mackerel",
        "version": "0.7.0"
      }
    }
  },
  "variable": {
    "WATCHDOGS_WEBHOOK_URL": {
      "description": "watchdogs webhook url",
      "type": "string"
    }
  }
}"
`;
